// Jest Snapshot v1, https://goo.gl/fbAQLP

exports[`With Snapshot Testing Buttons Snapshot Testing 1`] = `
<div
  className="cont"
  data-jsx={2911285025}
>
  <div
    className="background"
    data-jsx={2406450419}
  >
    <div
      className="cont"
      data-jsx={2406450419}
    >
      <h2
        data-jsx={2406450419}
      >
        Early Birds
      </h2>
    </div>
  </div>
  <div
    className="background"
    data-jsx={2406450419}
  >
    <div
      className="cont"
      data-jsx={2406450419}
    >
      <h2
        data-jsx={2406450419}
      >
        Newsletter
      </h2>
    </div>
  </div>
</div>
`;
