// Jest Snapshot v1, https://goo.gl/fbAQLP

exports[`With Snapshot Testing Footer Snapshot Testing 1`] = `
<div
  className="footer"
  data-jsx={101808419}
>
  <div
    className="cont"
    data-jsx={3134665551}
  >
    <h3
      data-jsx={101808419}
    >
      DATA
    </h3>
    <h2
      data-jsx={101808419}
    >
      05.10.2017
    </h2>
    <p
      data-jsx={101808419}
    >
      10:00am - 17:00pm
    </p>
  </div>
  <div
    className="cont"
    data-jsx={3134665551}
  >
    <h3
      data-jsx={101808419}
    >
      LOCAL
    </h3>
    <h2
      data-jsx={101808419}
    >
      São Paulo
    </h2>
    <p
      data-jsx={101808419}
    >
      SENAI - Santa cecília 
    </p>
  </div>
</div>
`;
